[22:34:35.172] [INFO] [36mInitializing Storybook[39m
[22:34:35.751] [DEBUG] Getting package.json info for /Users/30057943/Documents/workspace/poc/mtt/applications/frontend/storybook/package.json...
[22:34:35.752] [INFO] Package manager: npm
[22:34:35.753] [DEBUG] Getting CLI versions from NPM for storybook...
[22:34:35.753] [DEBUG] Executing command: npm info storybook version
[22:34:36.815] [INFO] Adding Storybook version 10.4.1 to your project
[22:34:36.815] [DEBUG] Executing command: npm config get min-release-age --workspaces=false --include-workspace-root
[22:34:37.117] [DEBUG] Using cached package.json for /Users/30057943/Documents/workspace/poc/mtt/applications/frontend/storybook/package.json...
[22:34:37.117] [DEBUG] Project type detected: react
[22:34:37.117] [DEBUG] Using cached package.json for /Users/30057943/Documents/workspace/poc/mtt/applications/frontend/storybook/package.json...
[22:34:37.117] [DEBUG] Using cached package.json for /Users/30057943/Documents/workspace/poc/mtt/applications/frontend/storybook/package.json...
[22:34:37.117] [INFO] Framework detected: react-webpack5
[22:34:37.118] [DEBUG] Getting installed version for vitest...
[22:34:37.118] [DEBUG] Executing command: npm ls --json --depth=99 2>/dev/null
[22:34:37.742] [DEBUG] Executing command: npm ls --json --depth=0 2>/dev/null
[22:34:38.388] [DEBUG] Error finding installations for vitest: ExecaError: Command failed with exit code 1: npm ls --json '--depth=0' '2>/dev/null'

{
  "version": "0.0.1",
  "name": "irms"
}
[22:34:38.388] [DEBUG] No installations found for vitest
[22:34:38.388] [DEBUG] Getting installed version for msw...
[22:34:38.388] [DEBUG] Executing command: npm ls --json --depth=99 2>/dev/null
[22:34:38.963] [DEBUG] Executing command: npm ls --json --depth=0 2>/dev/null
[22:34:39.535] [DEBUG] Error finding installations for msw: ExecaError: Command failed with exit code 1: npm ls --json '--depth=0' '2>/dev/null'

{
  "version": "0.0.1",
  "name": "irms"
}
[22:34:39.535] [DEBUG] No installations found for msw
[22:34:45.779] [PROMPT] New to Storybook? {"choice":true}
[22:34:45.780] [INFO] Storybook collects completely anonymous usage telemetry. We use it to shape Storybook's roadmap and prioritize features. You can learn more, including how to opt out, at https://storybook.js.org/telemetry
[22:34:46.556] [INFO] base-generator-task-start: Generating Storybook configuration
[22:34:46.557] [DEBUG] Using cached package.json for /Users/30057943/Documents/workspace/poc/mtt/applications/frontend/storybook/package.json...
[22:34:46.557] [DEBUG] Using cached package.json for /Users/30057943/Documents/workspace/poc/mtt/applications/frontend/storybook/package.json...
[22:34:46.557] [DEBUG] Using cached package.json for /Users/30057943/Documents/workspace/poc/mtt/applications/frontend/storybook/package.json...
[22:34:46.557] [DEBUG] Getting CLI versions from NPM for @storybook/addon-webpack5-compiler-swc...
[22:34:46.557] [DEBUG] Executing command: npm info @storybook/addon-webpack5-compiler-swc version
[22:34:46.562] [DEBUG] Getting CLI versions from NPM for @storybook/addon-a11y...
[22:34:46.562] [DEBUG] Executing command: npm info @storybook/addon-a11y version
[22:34:46.567] [DEBUG] Getting CLI versions from NPM for @storybook/addon-docs...
[22:34:46.567] [DEBUG] Executing command: npm info @storybook/addon-docs version
[22:34:46.575] [DEBUG] Getting CLI versions from NPM for prop-types...
[22:34:46.575] [DEBUG] Executing command: npm info prop-types version
[22:34:49.881] [INFO] base-generator-task: - Configuring main.js
[22:34:49.884] [INFO] base-generator-task: - Configuring preview.js
[22:34:49.885] [INFO] base-generator-task: - Adding Storybook command to package.json
[22:34:49.888] [DEBUG] Getting package.json info for /Users/30057943/Documents/workspace/poc/mtt/applications/frontend/storybook/package.json...
[22:34:49.888] [DEBUG] Using cached package.json for /Users/30057943/Documents/workspace/poc/mtt/applications/frontend/storybook/package.json...
[22:34:49.888] [DEBUG] Using cached package.json for /Users/30057943/Documents/workspace/poc/mtt/applications/frontend/storybook/package.json...
[22:34:49.895] [INFO] base-generator-task: - Copying framework templates
[22:34:49.942] [DEBUG] Executing command: npm config get registry --workspaces=false --include-workspace-root
[22:34:50.948] [INFO] base-generator-task-success: Storybook configuration generated
[22:34:50.948] [INFO] adding-dependencies-task-start: Adding dependencies to package.json
[22:34:50.948] [INFO] adding-dependencies-task: Adding devDependencies:
- @storybook/addon-webpack5-compiler-swc@^4.0.3
- @storybook/addon-a11y@^10.4.1
- @storybook/addon-docs@^10.4.1
- prop-types@^15.8.1
[22:34:50.949] [DEBUG] Using cached package.json for /Users/30057943/Documents/workspace/poc/mtt/applications/frontend/storybook/package.json...
[22:34:50.949] [DEBUG] Using cached version for @storybook/addon-webpack5-compiler-swc...
[22:34:50.949] [DEBUG] Using cached version for @storybook/addon-a11y...
[22:34:50.949] [DEBUG] Using cached version for @storybook/addon-docs...
[22:34:50.949] [DEBUG] Using cached version for prop-types...
[22:34:50.949] [DEBUG] Using cached package.json for /Users/30057943/Documents/workspace/poc/mtt/applications/frontend/storybook/package.json...
[22:34:50.949] [INFO] adding-dependencies-task-success: Dependencies added to package.json
[22:34:50.949] [INFO] Installing dependencies...
[22:34:50.950] [INFO] install-dependencies-spinner-start: Installing dependencies...
[22:34:50.950] [DEBUG] Executing command: npm install
[22:35:12.432] [ERROR] Installation of dependencies failed! {"error":"ExecaError: Command failed with exit code 1: npm install\n\nnpm error code ERESOLVE\nnpm error ERESOLVE unable to resolve dependency tree\nnpm error\nnpm error While resolving: irms@0.0.1\nnpm error Found: webpack@5.107.2\nnpm error node_modules/webpack\nnpm error   dev webpack@\"^5.88.1\" from the root project\nnpm error\nnpm error Could not resolve dependency:\nnpm error peer webpack@\"^3.1.0\" from extract-text-webpack-plugin@3.0.2\nnpm error node_modules/extract-text-webpack-plugin\nnpm error   dev extract-text-webpack-plugin@\"^3.0.2\" from the root project\nnpm error\nnpm error Fix the upstream dependency conflict, or retry this command with --force or --legacy-peer-deps to accept an incorrect (and potentially broken) dependency resolution.\nnpm error\nnpm error\nnpm error For a full report see:\nnpm error /Users/30057943/.npm/_logs/2026-05-27T17_04_51_155Z-eresolve-report.txt\nnpm error A complete log of this run can be found in: /Users/30057943/.npm/_logs/2026-05-27T17_04_51_155Z-debug-0.log\n    at getFinalError (file:///Users/30057943/.npm/_npx/05823ecb1a3a987d/node_modules/storybook/dist/_node-chunks/chunk-PNYLLFX3.js:11559:10)\n    at makeError (file:///Users/30057943/.npm/_npx/05823ecb1a3a987d/node_modules/storybook/dist/_node-chunks/chunk-PNYLLFX3.js:13095:15)\n    at getAsyncResult (file:///Users/30057943/.npm/_npx/05823ecb1a3a987d/node_modules/storybook/dist/_node-chunks/chunk-PNYLLFX3.js:15741:158)\n    at handlePromise (file:///Users/30057943/.npm/_npx/05823ecb1a3a987d/node_modules/storybook/dist/_node-chunks/chunk-PNYLLFX3.js:15727:162)\n    at async Object.executeTaskWithSpinner (file:///Users/30057943/.npm/_npx/05823ecb1a3a987d/node_modules/storybook/dist/_node-chunks/chunk-3BPHYDN5.js:3683:11)\n    at async NPMProxy.installDependencies (file:///Users/30057943/.npm/_npx/05823ecb1a3a987d/node_modules/storybook/dist/_node-chunks/chunk-PNYLLFX3.js:9700:5)\n    at async NPMProxy.installDependencies (file:///Users/30057943/.npm/_npx/05823ecb1a3a987d/node_modules/storybook/dist/_node-chunks/chunk-PNYLLFX3.js:16433:7)\n    at async DependencyInstallationCommand.execute (file:///Users/30057943/.npm/_npx/05823ecb1a3a987d/node_modules/create-storybook/dist/_node-chunks/chunk-UR7I3RA2.js:2301:9)\n    at async doInitiate (file:///Users/30057943/.npm/_npx/05823ecb1a3a987d/node_modules/create-storybook/dist/_node-chunks/chunk-UR7I3RA2.js:3535:38)\n    at async file:///Users/30057943/.npm/_npx/05823ecb1a3a987d/node_modules/create-storybook/dist/_node-chunks/chunk-UR7I3RA2.js:3590:20"}
[22:35:12.432] [ERROR] install-dependencies-spinner-error: [31mInstallation of dependencies failed![39m
[22:35:12.461] [INFO] configure-addons-task-start: Configuring addons...
[22:35:12.461] [INFO] configure-addons-task: Configuring @storybook/addon-a11y...
[22:35:12.463] [DEBUG] Getting package.json info for /Users/30057943/Documents/workspace/poc/mtt/applications/frontend/storybook/package.json...
[22:35:12.464] [DEBUG] Executing command: npx storybook@10.4.1 automigrate addon-a11y-addon-test --loglevel silent --skip-doctor --yes --package-manager npm --config-dir .storybook
[22:35:51.601] [INFO] configure-addons-task: @storybook/addon-a11y configured

[22:35:51.601] [INFO] configure-addons-task: Configuring @storybook/addon-docs...
[22:35:51.601] [INFO] configure-addons-task: @storybook/addon-docs configured

[22:35:51.601] [INFO] configure-addons-task: Configuring @storybook/addon-onboarding...
[22:35:51.602] [INFO] configure-addons-task: @storybook/addon-onboarding configured

[22:35:51.602] [INFO] configure-addons-task-success: Addons configured successfully
[22:35:51.602] [INFO] [2m✅ @storybook/addon-a11y[22m
[22:35:51.603] [INFO] [2m✅ @storybook/addon-docs[22m
[22:35:51.603] [INFO] [2m✅ @storybook/addon-onboarding[22m
[22:35:51.603] [WARN] Storybook setup completed, but some non-blocking errors occurred. Please check the log file below for details.
[22:35:51.604] [INFO] To run Storybook, run [36mnpm run storybook[39m. CTRL+C to stop.
[22:35:51.604] [INFO] Want to learn more about Storybook? [36mhttps://storybook.js.org/[39m
Having trouble or want to chat? [36mhttps://discord.gg/storybook/[39m